📊 KnowingDoing 市场数据抓取 · 2026-06-17
[ERROR] 请先安装 akshare: pip3 install akshare

⚠️ 今日可能非交易日，无需操作
📊 KnowingDoing 市场数据抓取 · 2026-06-18  (腾讯财经)
  ✅ 上证指数: 4090.48 (-0.43%)
  ✅ 深证成指: 16030.7 (+0.94%)
  ✅ 创业板指: 4252.39 (+2.05%)
  ✅ 科创50: 1911.51 (+3.84%)
  ✅ 上证50: 2928.75 (-0.19%)
  ✅ 沪深300: 4941.6 (+0.21%)
  ✅ 中证500: 8673.09 (+0.53%)
  📝 已生成: /Users/ninebot/02-sourceCode/gitee/KnowingDoing/review/2026/06/2026-06-18.md

==================================================
✅ 7 大指数抓取完成
📝 打开编辑器补充分析
📊 KnowingDoing 市场数据抓取 · 2026-06-22  (腾讯财经)
  ✅ 上证指数: 4163.1 (+1.78%)
  ✅ 深证成指: 16372.5 (+2.13%)
  ✅ 创业板指: 4359.39 (+2.52%)
  ✅ 科创50: 1948.93 (+1.96%)
  ✅ 上证50: 3012.65 (+2.86%)
  ✅ 沪深300: 5059.66 (+2.39%)
  ✅ 中证500: 8868.78 (+2.26%)
  📝 已生成: /Users/ninebot/02-sourceCode/gitee/KnowingDoing/review/2026/06/2026-06-22.md

==================================================
✅ 7 大指数抓取完成
📝 打开编辑器补充分析
📊 KnowingDoing 市场数据抓取 · 2026-06-23  (腾讯财经)

[指数]
  ✅ 上证指数: 4106.25 (-1.37%)
  ✅ 深证成指: 15854.2 (-3.17%)
  ✅ 创业板指: 4192.19 (-3.84%)
  ✅ 科创50: 1916.21 (-1.68%)
  ✅ 上证50: 2926.83 (-2.85%)
  ✅ 沪深300: 4919.39 (-2.77%)
  ✅ 中证500: 8688.59 (-2.03%)

[重点标的]
  ✅ 中证500ETF: 8.81 (-2.13%)
  ✅ 黄金ETF: 8.95 (-2.04%)
  ✅ 科大讯飞: 42.25 (-3.71%)
  ✅ 天山铝业: 11.8 (-8.53%)
  ✅ 紫金矿业: 27.75 (-8.84%)
  ✅ 有色ETF: 1.98 (-8.31%)
  ⚠️ /Users/ninebot/02-sourceCode/gitee/KnowingDoing/review/2026/06/2026-06-23.md 已存在，跳过生成

==================================================
✅ 7 大指数 + 6 重点标的 抓取完成
📝 打开编辑器补充分析
📊 KnowingDoing 市场数据抓取 · 2026-06-24  (腾讯财经)

[指数]
  ✅ 上证指数: 4110.81 (+0.11%)
  ✅ 深证成指: 16051.32 (+1.24%)
  ✅ 创业板指: 4251.42 (+1.41%)
  ✅ 科创50: 1989.43 (+3.82%)
  ✅ 上证50: 2943.9 (+0.58%)
  ✅ 沪深300: 4943.02 (+0.48%)
  ✅ 中证500: 8842.94 (+1.78%)

[重点标的]
  ✅ 中证500ETF: 8.98 (+1.93%)
  ✅ 黄金ETF: 8.93 (-0.23%)
  ✅ 科大讯飞: 42.6 (+0.83%)
  ✅ 天山铝业: 11.89 (+0.76%)
  ✅ 紫金矿业: 27.65 (-0.36%)
  ✅ 有色ETF: 1.98 (+0.20%)
  ⚠️ /Users/ninebot/02-sourceCode/gitee/KnowingDoing/review/2026/06/2026-06-24.md 已存在，跳过生成

==================================================
✅ 7 大指数 + 6 重点标的 抓取完成
📝 打开编辑器补充分析
📊 KnowingDoing 市场数据抓取 · 2026-06-25  (腾讯财经)

[指数]
  ✅ 上证指数: 4120.28 (+0.23%)
  ✅ 深证成指: 16344.08 (+1.82%)
  ✅ 创业板指: 4371.99 (+2.84%)
  ✅ 科创50: 2066.33 (+3.87%)
  ✅ 上证50: 2977.57 (+1.14%)
  ✅ 沪深300: 5020.1 (+1.56%)
  ✅ 中证500: 8938.01 (+1.08%)

[重点标的]
  ✅ 中证500ETF: 9.09 (+1.11%)
  ✅ 黄金ETF: 8.69 (-2.71%)
  ✅ 科大讯飞: 41.68 (-2.16%)
  ✅ 天山铝业: 11.62 (-2.27%)
  ✅ 紫金矿业: 25.92 (-6.26%)
  ✅ 有色ETF: 1.92 (-2.93%)
  📝 已生成: /Users/ninebot/02-sourceCode/gitee/KnowingDoing/review/2026/06/2026-06-25.md

==================================================
✅ 7 大指数 + 6 重点标的 抓取完成
📝 打开编辑器补充分析
📊 KnowingDoing 市场数据抓取 · 2026-06-26  (腾讯财经)

[指数]
  ✅ 上证指数: 4027.26 (-2.26%)
  ✅ 深证成指: 15782.22 (-3.44%)
  ✅ 创业板指: 4194.21 (-4.07%)
  ✅ 科创50: 2032.28 (-1.65%)
  ✅ 上证50: 2906.94 (-2.37%)
  ✅ 沪深300: 4868.22 (-3.03%)
  ✅ 中证500: 8703.57 (-2.62%)

[重点标的]
  ✅ 中证500ETF: 8.86 (-2.47%)
  ✅ 黄金ETF: 8.79 (+1.24%)
  ✅ 科大讯飞: 39.12 (-6.14%)
  ✅ 天山铝业: 11.08 (-4.65%)
  ✅ 紫金矿业: 25.1 (-1.72%)
  ✅ 有色ETF: 1.84 (-4.32%)
  ⚠️ /Users/ninebot/02-sourceCode/gitee/KnowingDoing/review/2026/06/2026-06-26.md 已存在，跳过生成

==================================================
✅ 7 大指数 + 6 重点标的 抓取完成
📝 打开编辑器补充分析
📊 KnowingDoing 市场数据抓取 · 2026-06-29  (腾讯财经)

[指数]
  ✅ 上证指数: 4073.9 (+1.16%)
  ✅ 深证成指: 15812.87 (+0.19%)
  ✅ 创业板指: 4216.7 (+0.54%)
  ✅ 科创50: 2126.01 (+4.61%)
  ✅ 上证50: 2991.08 (+2.89%)
  ✅ 沪深300: 4926.92 (+1.21%)
  ✅ 中证500: 8821.09 (+1.35%)

[重点标的]
  ✅ 中证500ETF: 8.97 (+1.28%)
  ✅ 黄金ETF: 8.86 (+0.69%)
  ✅ 科大讯飞: 39.46 (+0.87%)
  ✅ 天山铝业: 11.16 (+0.72%)
  ✅ 紫金矿业: 25.79 (+2.75%)
  ✅ 有色ETF: 1.86 (+1.36%)
  ⚠️ /Users/ninebot/02-sourceCode/gitee/KnowingDoing/review/2026/06/2026-06-29.md 已存在，跳过生成

==================================================
✅ 7 大指数 + 6 重点标的 抓取完成
📝 打开编辑器补充分析
📊 KnowingDoing 市场数据抓取 · 2026-06-30  (腾讯财经)

[指数]
  ✅ 上证指数: 4094.4 (+0.50%)
  ✅ 深证成指: 16205.56 (+2.48%)
  ✅ 创业板指: 4342.71 (+2.99%)
  ✅ 科创50: 2207.86 (+3.85%)
  ✅ 上证50: 2989.4 (-0.06%)
  ✅ 沪深300: 4979.43 (+1.07%)
  ✅ 中证500: 9031.38 (+2.38%)

[重点标的]
  ✅ 中证500ETF: 9.19 (+2.45%)
  ✅ 黄金ETF: 8.78 (-0.86%)
  ✅ 科大讯飞: 40.84 (+3.50%)
  ✅ 天山铝业: 10.73 (-3.85%)
  ✅ 紫金矿业: 25.14 (-2.52%)
  ✅ 有色ETF: 1.85 (-0.54%)
  ⚠️ /Users/ninebot/02-sourceCode/gitee/KnowingDoing/review/2026/06/2026-06-30.md 已存在，跳过生成

==================================================
✅ 7 大指数 + 6 重点标的 抓取完成
📝 打开编辑器补充分析
📊 KnowingDoing 市场数据抓取 · 2026-07-01  (腾讯财经)

[指数]
  ✅ 上证指数: 4112.45 (+0.44%)
  ✅ 深证成指: 16119.17 (-0.53%)
  ✅ 创业板指: 4260.72 (-1.89%)
  ✅ 科创50: 2153.04 (-2.48%)
  ✅ 上证50: 2985.24 (-0.14%)
  ✅ 沪深300: 4958.98 (-0.41%)
  ✅ 中证500: 9028.93 (-0.03%)

[重点标的]
  ✅ 中证500ETF: 9.18 (-0.15%)
  ✅ 黄金ETF: 8.67 (-1.25%)
  ✅ 科大讯飞: 41.03 (+0.47%)
  ✅ 天山铝业: 10.82 (+0.84%)
  ✅ 紫金矿业: 25.11 (-0.12%)
  ✅ 有色ETF: 1.85 (-0.32%)
  ⚠️ /Users/ninebot/02-sourceCode/gitee/KnowingDoing/review/2026/07/2026-07-01.md 已存在，跳过生成

==================================================
✅ 7 大指数 + 6 重点标的 抓取完成
📝 打开编辑器补充分析
📊 KnowingDoing 市场数据抓取 · 2026-07-02  (腾讯财经)

[指数]
  ❌ 上证指数: <urlopen error [Errno 8] nodename nor servname provided, or not known>
  ❌ 深证成指: <urlopen error [Errno 8] nodename nor servname provided, or not known>
  ❌ 创业板指: <urlopen error [Errno 8] nodename nor servname provided, or not known>
  ❌ 科创50: <urlopen error [Errno 8] nodename nor servname provided, or not known>
  ❌ 上证50: <urlopen error [Errno 8] nodename nor servname provided, or not known>
  ❌ 沪深300: <urlopen error [Errno 8] nodename nor servname provided, or not known>
  ❌ 中证500: <urlopen error [Errno 8] nodename nor servname provided, or not known>

[重点标的]
  ❌ 中证500ETF: <urlopen error [Errno 8] nodename nor servname provided, or not known>
  ❌ 黄金ETF: <urlopen error [Errno 8] nodename nor servname provided, or not known>
  ❌ 科大讯飞: <urlopen error [Errno 8] nodename nor servname provided, or not known>
  ❌ 天山铝业: <urlopen error [Errno 8] nodename nor servname provided, or not known>
  ❌ 紫金矿业: <urlopen error [Errno 8] nodename nor servname provided, or not known>
  ❌ 有色ETF: <urlopen error [Errno 8] nodename nor servname provided, or not known>

==================================================
⚠️ 数据获取失败，请检查网络
📊 KnowingDoing 市场数据抓取 · 2026-07-03  (腾讯财经)

[指数]
  ✅ 上证指数: 4043.64 (+0.37%)
  ✅ 深证成指: 15597.51 (+0.64%)
  ✅ 创业板指: 4019.93 (+0.07%)
  ✅ 科创50: 1975.6 (-0.59%)
  ✅ 上证50: 2931.28 (+0.65%)
  ✅ 沪深300: 4842.17 (+0.62%)
  ✅ 中证500: 8745.26 (+0.59%)

[重点标的]
  ✅ 中证500ETF: 8.9 (+0.59%)
  ✅ 黄金ETF: 9.09 (+2.33%)
  ✅ 科大讯飞: 41.51 (+1.05%)
  ✅ 天山铝业: 11.37 (+4.03%)
  ✅ 紫金矿业: 27.82 (+5.78%)
  ✅ 有色ETF: 1.89 (+0.64%)
  ⚠️ /Users/ninebot/02-sourceCode/gitee/KnowingDoing/review/2026/07/2026-07-03.md 已存在，跳过生成

==================================================
✅ 7 大指数 + 6 重点标的 抓取完成
📝 打开编辑器补充分析
📊 KnowingDoing 市场数据抓取 · 2026-07-06  (腾讯财经)

[指数]
  ✅ 上证指数: 4041.24 (-0.06%)
  ✅ 深证成指: 15416.8 (-1.16%)
  ✅ 创业板指: 3948.86 (-1.77%)
  ✅ 科创50: 1996.1 (+1.04%)
  ✅ 上证50: 2957.97 (+0.91%)
  ✅ 沪深300: 4842.0 (-0.00%)
  ✅ 中证500: 8651.13 (-1.08%)

[重点标的]
  ✅ 中证500ETF: 8.81 (-1.02%)
  ✅ 黄金ETF: 9.05 (-0.45%)
  ✅ 科大讯飞: 40.65 (-2.07%)
  ✅ 天山铝业: 11.61 (+2.11%)
  ✅ 紫金矿业: 28.28 (+1.65%)
  ✅ 有色ETF: 1.86 (-1.43%)
  ⚠️ /Users/ninebot/02-sourceCode/gitee/KnowingDoing/review/2026/07/2026-07-06.md 已存在，跳过生成

==================================================
✅ 7 大指数 + 6 重点标的 抓取完成
📝 打开编辑器补充分析
📊 KnowingDoing 市场数据抓取 · 2026-07-07  (腾讯财经)

[指数]
  ✅ 上证指数: 3990.24 (-1.26%)
  ✅ 深证成指: 15225.11 (-1.24%)
  ✅ 创业板指: 3911.91 (-0.94%)
  ✅ 科创50: 2001.59 (+0.28%)
  ✅ 上证50: 2921.89 (-1.22%)
  ✅ 沪深300: 4792.26 (-1.03%)
  ✅ 中证500: 8508.79 (-1.65%)

[重点标的]
  ✅ 中证500ETF: 8.66 (-1.74%)
  ✅ 黄金ETF: 9.01 (-0.39%)
  ✅ 科大讯飞: 39.95 (-1.72%)
  ✅ 天山铝业: 11.36 (-2.15%)
  ✅ 紫金矿业: 27.62 (-2.33%)
  ✅ 有色ETF: 1.8 (-3.32%)
  ⚠️ /Users/ninebot/02-sourceCode/gitee/KnowingDoing/review/2026/07/2026-07-07.md 已存在，跳过生成

==================================================
✅ 7 大指数 + 6 重点标的 抓取完成
📝 打开编辑器补充分析
📊 KnowingDoing 市场数据抓取 · 2026-07-08  (腾讯财经)

[指数]
  ✅ 上证指数: 3970.88 (-0.49%)
  ✅ 深证成指: 14939.73 (-1.87%)
  ✅ 创业板指: 3845.35 (-1.70%)
  ✅ 科创50: 2016.23 (+0.73%)
  ✅ 上证50: 2920.84 (-0.04%)
  ✅ 沪深300: 4755.53 (-0.77%)
  ✅ 中证500: 8390.02 (-1.40%)

[重点标的]
  ✅ 中证500ETF: 8.55 (-1.22%)
  ✅ 黄金ETF: 9.01 (-0.07%)
  ✅ 科大讯飞: 40.94 (+2.48%)
  ✅ 天山铝业: 11.07 (-2.55%)
  ✅ 紫金矿业: 27.36 (-0.94%)
  ✅ 有色ETF: 1.75 (-2.94%)
  ⚠️ /Users/ninebot/02-sourceCode/gitee/KnowingDoing/review/2026/07/2026-07-08.md 已存在，跳过生成

==================================================
✅ 7 大指数 + 6 重点标的 抓取完成
📝 打开编辑器补充分析
📊 KnowingDoing 市场数据抓取 · 2026-07-09  (腾讯财经)

[指数]
  ✅ 上证指数: 4036.59 (+1.65%)
  ✅ 深证成指: 15398.73 (+3.07%)
  ✅ 创业板指: 4018.17 (+4.49%)
  ✅ 科创50: 2185.83 (+8.41%)
  ✅ 上证50: 2995.79 (+2.57%)
  ✅ 沪深300: 4876.31 (+2.54%)
  ✅ 中证500: 8652.79 (+3.13%)

[重点标的]
  ✅ 中证500ETF: 8.8 (+2.96%)
  ✅ 黄金ETF: 8.97 (-0.46%)
  ✅ 科大讯飞: 42.37 (+3.49%)
  ✅ 天山铝业: 10.67 (-3.61%)
  ✅ 紫金矿业: 27.62 (+0.95%)
  ✅ 有色ETF: 1.75 (-0.29%)
  ⚠️ /Users/ninebot/02-sourceCode/gitee/KnowingDoing/review/2026/07/2026-07-09.md 已存在，跳过生成

==================================================
✅ 7 大指数 + 6 重点标的 抓取完成
📝 打开编辑器补充分析
📊 KnowingDoing 市场数据抓取 · 2026-07-10  (腾讯财经)

[指数]
  ✅ 上证指数: 3996.16 (-1.00%)
  ✅ 深证成指: 15046.67 (-2.29%)
  ✅ 创业板指: 3842.73 (-4.37%)
  ✅ 科创50: 2064.98 (-5.53%)
  ✅ 上证50: 2955.52 (-1.34%)
  ✅ 沪深300: 4780.79 (-1.96%)
  ✅ 中证500: 8503.97 (-1.72%)

[重点标的]
  ✅ 中证500ETF: 8.7 (-1.20%)
  ✅ 黄金ETF: 8.96 (-0.12%)
  ✅ 科大讯飞: 43.19 (+1.94%)
  ✅ 天山铝业: 11.17 (+4.69%)
  ✅ 紫金矿业: 27.72 (+0.36%)
  ✅ 有色ETF: 1.76 (+0.63%)
  ⚠️ /Users/ninebot/02-sourceCode/gitee/KnowingDoing/review/2026/07/2026-07-10.md 已存在，跳过生成

==================================================
✅ 7 大指数 + 6 重点标的 抓取完成
📝 打开编辑器补充分析
📊 KnowingDoing 市场数据抓取 · 2026-07-13  (腾讯财经)

[指数]
  ✅ 上证指数: 3913.79 (-2.06%)
  ✅ 深证成指: 14522.85 (-3.48%)
  ✅ 创业板指: 3723.52 (-3.10%)
  ✅ 科创50: 1994.32 (-3.42%)
  ✅ 上证50: 2913.19 (-1.43%)
  ✅ 沪深300: 4695.38 (-1.79%)
  ✅ 中证500: 8138.14 (-4.30%)

[重点标的]
  ✅ 中证500ETF: 8.29 (-4.67%)
  ✅ 黄金ETF: 8.82 (-1.47%)
  ✅ 科大讯飞: 41.9 (-2.76%)
  ✅ 天山铝业: 11.14 (-0.27%)
  ✅ 紫金矿业: 27.36 (-1.30%)
  ✅ 有色ETF: 1.68 (-4.38%)
  📝 已生成: /Users/ninebot/02-sourceCode/gitee/KnowingDoing/review/2026/07/2026-07-13.md

==================================================
✅ 7 大指数 + 6 重点标的 抓取完成
📝 打开编辑器补充分析
📊 KnowingDoing 市场数据抓取 · 2026-07-14  (腾讯财经)

[指数]
  ✅ 上证指数: 3967.13 (+1.36%)
  ✅ 深证成指: 14924.87 (+2.77%)
  ✅ 创业板指: 3851.14 (+3.43%)
  ✅ 科创50: 2009.73 (+0.77%)
  ✅ 上证50: 2955.55 (+1.45%)
  ✅ 沪深300: 4796.5 (+2.15%)
  ✅ 中证500: 8275.94 (+1.69%)

[重点标的]
  ✅ 中证500ETF: 8.41 (+1.46%)
  ✅ 黄金ETF: 8.78 (-0.56%)
  ✅ 科大讯飞: 41.18 (-1.72%)
  ✅ 天山铝业: 12.25 (+9.96%)
  ✅ 紫金矿业: 29.06 (+6.21%)
  ✅ 有色ETF: 1.77 (+5.66%)
  📝 已生成: /Users/ninebot/02-sourceCode/gitee/KnowingDoing/review/2026/07/2026-07-14.md

==================================================
✅ 7 大指数 + 6 重点标的 抓取完成
📝 打开编辑器补充分析
📊 KnowingDoing 市场数据抓取 · 2026-07-15  (腾讯财经)

[指数]
  ✅ 上证指数: 3955.58 (-0.29%)
  ✅ 深证成指: 14779.4 (-0.97%)
  ✅ 创业板指: 3804.7 (-1.21%)
  ✅ 科创50: 1924.27 (-4.25%)
  ✅ 上证50: 2967.07 (+0.39%)
  ✅ 沪深300: 4786.78 (-0.20%)
  ✅ 中证500: 8147.58 (-1.55%)

[重点标的]
  ✅ 中证500ETF: 8.15 (-1.37%)
  ✅ 黄金ETF: 8.78 (+0.02%)
  ✅ 科大讯飞: 41.35 (+0.41%)
  ✅ 天山铝业: 12.75 (+4.08%)
  ✅ 紫金矿业: 28.83 (-0.79%)
  ✅ 有色ETF: 1.74 (-1.97%)
  ⚠️ /Users/ninebot/02-sourceCode/gitee/KnowingDoing/review/2026/07/2026-07-15.md 已存在，跳过生成

==================================================
✅ 7 大指数 + 6 重点标的 抓取完成
📝 打开编辑器补充分析
📊 KnowingDoing 市场数据抓取 · 2026-07-16  (腾讯财经)

[指数]
  ✅ 上证指数: 3882.41 (-1.85%)
  ✅ 深证成指: 14488.65 (-1.97%)
  ✅ 创业板指: 3692.46 (-2.95%)
  ✅ 科创50: 1846.88 (-4.02%)
  ✅ 上证50: 2904.12 (-2.12%)
  ✅ 沪深300: 4698.43 (-1.85%)
  ✅ 中证500: 7955.66 (-2.36%)

[重点标的]
  ✅ 中证500ETF: 7.96 (-2.39%)
  ✅ 黄金ETF: 8.76 (-0.15%)
  ✅ 科大讯飞: 41.99 (+1.55%)
  ✅ 天山铝业: 12.61 (-1.10%)
  ✅ 紫金矿业: 29.25 (+1.46%)
  ✅ 有色ETF: 1.73 (-0.81%)
  ⚠️ /Users/ninebot/02-sourceCode/gitee/KnowingDoing/review/2026/07/2026-07-16.md 已存在，跳过生成

==================================================
✅ 7 大指数 + 6 重点标的 抓取完成
📝 打开编辑器补充分析
📊 KnowingDoing 市场数据抓取 · 2026-07-17  (腾讯财经)

[指数]
  ✅ 上证指数: 3764.15 (-3.05%)
  ✅ 深证成指: 13706.88 (-5.40%)
  ✅ 创业板指: 3428.63 (-7.15%)
  ✅ 科创50: 1715.4 (-7.12%)
  ✅ 上证50: 2827.67 (-2.63%)
  ✅ 沪深300: 4529.1 (-3.60%)
  ✅ 中证500: 7513.76 (-5.55%)

[重点标的]
  ✅ 中证500ETF: 7.5 (-5.67%)
  ✅ 黄金ETF: 8.71 (-0.62%)
  ✅ 科大讯飞: 41.12 (-2.07%)
  ✅ 天山铝业: 11.99 (-4.92%)
  ✅ 紫金矿业: 28.36 (-3.04%)
  ✅ 有色ETF: 1.64 (-5.16%)
  ⚠️ /Users/ninebot/02-sourceCode/gitee/KnowingDoing/review/2026/07/2026-07-17.md 已存在，跳过生成

==================================================
✅ 7 大指数 + 6 重点标的 抓取完成
📝 打开编辑器补充分析
📊 KnowingDoing 市场数据抓取 · 2026-07-20  (腾讯财经)

[指数]
  ✅ 上证指数: 3796.28 (+0.85%)
  ✅ 深证成指: 13610.23 (-0.71%)
  ✅ 创业板指: 3443.1 (+0.42%)
  ✅ 科创50: 1718.69 (+0.19%)
  ✅ 上证50: 2912.85 (+3.01%)
  ✅ 沪深300: 4598.32 (+1.53%)
  ✅ 中证500: 7411.31 (-1.36%)

[重点标的]
  ✅ 中证500ETF: 7.43 (-1.05%)
  ✅ 黄金ETF: 8.72 (+0.14%)
  ✅ 科大讯飞: 40.97 (-0.36%)
  ✅ 天山铝业: 12.5 (+4.25%)
  ✅ 紫金矿业: 29.35 (+3.49%)
  ✅ 有色ETF: 1.62 (-0.67%)
  ⚠️ /Users/ninebot/02-sourceCode/gitee/KnowingDoing/review/2026/07/2026-07-20.md 已存在，跳过生成

==================================================
✅ 7 大指数 + 6 重点标的 抓取完成
📝 打开编辑器补充分析
📊 KnowingDoing 市场数据抓取 · 2026-07-21  (腾讯财经)

[指数]
  ✅ 上证指数: 3864.37 (+1.79%)
  ✅ 深证成指: 14264.29 (+4.81%)
  ✅ 创业板指: 3685.97 (+7.05%)
  ✅ 科创50: 1903.16 (+10.73%)
  ✅ 上证50: 2973.81 (+2.09%)
  ✅ 沪深300: 4739.23 (+3.06%)
  ✅ 中证500: 7800.61 (+5.25%)

[重点标的]
  ✅ 中证500ETF: 7.79 (+4.93%)
  ✅ 黄金ETF: 8.87 (+1.74%)
  ✅ 科大讯飞: 41.7 (+1.78%)
  ✅ 天山铝业: 12.21 (-2.32%)
  ✅ 紫金矿业: 30.21 (+2.93%)
  ✅ 有色ETF: 1.71 (+5.23%)
  ⚠️ /Users/ninebot/02-sourceCode/gitee/KnowingDoing/review/2026/07/2026-07-21.md 已存在，跳过生成

==================================================
✅ 7 大指数 + 6 重点标的 抓取完成
📝 打开编辑器补充分析
📊 KnowingDoing 市场数据抓取 · 2026-07-22  (腾讯财经)

[指数]
  ✅ 上证指数: 3867.03 (+0.07%)
  ✅ 深证成指: 14061.44 (-1.42%)
  ✅ 创业板指: 3566.73 (-3.23%)
  ✅ 科创50: 1860.08 (-2.26%)
  ✅ 上证50: 2991.05 (+0.58%)
  ✅ 沪深300: 4717.24 (-0.46%)
  ✅ 中证500: 7751.66 (-0.63%)

[重点标的]
  ✅ 中证500ETF: 7.74 (-0.67%)
  ✅ 黄金ETF: 8.97 (+1.07%)
  ✅ 科大讯飞: 40.83 (-2.09%)
  ✅ 天山铝业: 12.35 (+1.15%)
  ✅ 紫金矿业: 32.2 (+6.59%)
  ✅ 有色ETF: 1.77 (+3.39%)
  ⚠️ /Users/ninebot/02-sourceCode/gitee/KnowingDoing/review/2026/07/2026-07-22.md 已存在，跳过生成

==================================================
✅ 7 大指数 + 6 重点标的 抓取完成
📝 打开编辑器补充分析
📊 KnowingDoing 市场数据抓取 · 2026-07-23  (腾讯财经)

[指数]
  ✅ 上证指数: 3876.78 (+0.25%)
  ✅ 深证成指: 14123.31 (+0.44%)
  ✅ 创业板指: 3575.52 (+0.25%)
  ✅ 科创50: 1789.69 (-3.78%)
  ✅ 上证50: 2978.77 (-0.41%)
  ✅ 沪深300: 4728.0 (+0.23%)
  ✅ 中证500: 7734.31 (-0.22%)

[重点标的]
  ✅ 科创50ETF: 1.89 (-3.43%)
  ✅ 中证500ETF: 7.74 (-0.04%)
  ✅ 黄金ETF: 8.97 (+0.03%)
  ✅ 科大讯飞: 40.49 (-0.83%)
  ✅ 天山铝业: 13.22 (+7.04%)
  ✅ 紫金矿业: 33.06 (+2.67%)
  ✅ 有色ETF: 1.82 (+3.05%)
  ⚠️ /Users/ninebot/02-sourceCode/gitee/KnowingDoing/review/2026/07/2026-07-23.md 已存在，跳过生成

==================================================
✅ 7 大指数 + 7 重点标的 抓取完成
📝 打开编辑器补充分析
📊 KnowingDoing 市场数据抓取 · 2026-07-24  (腾讯财经)

[指数]
  ✅ 上证指数: 3814.2 (-1.61%)
  ✅ 深证成指: 13774.68 (-2.47%)
  ✅ 创业板指: 3480.87 (-2.65%)
  ✅ 科创50: 1787.2 (-0.14%)
  ✅ 上证50: 2956.35 (-0.75%)
  ✅ 沪深300: 4649.19 (-1.67%)
  ✅ 中证500: 7532.7 (-2.61%)

[重点标的]
  ✅ 科创50ETF: 1.89 (-0.16%)
  ✅ 中证500ETF: 7.54 (-2.48%)
  ✅ 黄金ETF: 8.79 (-2.07%)
  ✅ 科大讯飞: 38.88 (-3.98%)
  ✅ 天山铝业: 12.5 (-5.45%)
  ✅ 紫金矿业: 31.51 (-4.69%)
  ✅ 有色ETF: 1.74 (-4.77%)
  ⚠️ /Users/ninebot/02-sourceCode/gitee/KnowingDoing/review/2026/07/2026-07-24.md 已存在，跳过生成

==================================================
✅ 7 大指数 + 7 重点标的 抓取完成
📝 打开编辑器补充分析
📊 KnowingDoing 市场数据抓取 · 2026-07-27  (腾讯财经)

[指数]
  ✅ 上证指数: 3858.25 (+1.15%)
  ✅ 深证成指: 14148.73 (+2.72%)
  ✅ 创业板指: 3590.79 (+3.16%)
  ✅ 科创50: 1807.95 (+1.16%)
  ✅ 上证50: 2950.43 (-0.20%)
  ✅ 沪深300: 4702.43 (+1.15%)
  ✅ 中证500: 7720.6 (+2.49%)

[重点标的]
  ✅ 科创50ETF: 1.91 (+1.38%)
  ✅ 中证500ETF: 7.73 (+2.40%)
  ✅ 黄金ETF: 8.91 (+1.40%)
  ✅ 科大讯飞: 39.73 (+2.19%)
  ✅ 天山铝业: 12.6 (+0.80%)
  ✅ 紫金矿业: 31.77 (+0.83%)
  ✅ 有色ETF: 1.78 (+2.36%)
  ⚠️ /Users/ninebot/02-sourceCode/gitee/KnowingDoing/review/2026/07/2026-07-27.md 已存在，跳过生成

==================================================
✅ 7 大指数 + 7 重点标的 抓取完成
📝 打开编辑器补充分析
📊 KnowingDoing 市场数据抓取 · 2026-07-28  (腾讯财经)

[指数]
  ✅ 上证指数: 3813.31 (-1.16%)
  ✅ 深证成指: 13509.68 (-4.52%)
  ✅ 创业板指: 3327.03 (-7.35%)
  ✅ 科创50: 1693.48 (-6.33%)
  ✅ 上证50: 2923.21 (-0.92%)
  ✅ 沪深300: 4569.52 (-2.83%)
  ✅ 中证500: 7443.43 (-3.59%)

[重点标的]
  ✅ 科创50ETF: 1.78 (-6.59%)
  ✅ 中证500ETF: 7.46 (-3.40%)
  ✅ 黄金ETF: 8.8 (-1.17%)
  ✅ 科大讯飞: 39.81 (+0.20%)
  ✅ 天山铝业: 12.75 (+1.19%)
  ✅ 紫金矿业: 31.69 (-0.25%)
  ✅ 有色ETF: 1.74 (-2.25%)
  ⚠️ /Users/ninebot/02-sourceCode/gitee/KnowingDoing/review/2026/07/2026-07-28.md 已存在，跳过生成

==================================================
✅ 7 大指数 + 7 重点标的 抓取完成
📝 打开编辑器补充分析
📊 KnowingDoing 市场数据抓取 · 2026-07-29  (腾讯财经)

[指数]
  ✅ 上证指数: 3828.47 (+0.40%)
  ✅ 深证成指: 13658.44 (+1.10%)
  ✅ 创业板指: 3378.7 (+1.55%)
  ✅ 科创50: 1678.74 (-0.87%)
  ✅ 上证50: 2915.19 (-0.27%)
  ✅ 沪深300: 4600.26 (+0.67%)
  ✅ 中证500: 7524.51 (+1.09%)

[重点标的]
  ✅ 科创50ETF: 1.78 (-0.50%)
  ✅ 中证500ETF: 7.54 (+1.03%)
  ✅ 黄金ETF: 8.8 (-0.09%)
  ✅ 科大讯飞: 40.07 (+0.65%)
  ✅ 天山铝业: 13.04 (+2.27%)
  ✅ 紫金矿业: 32.15 (+1.45%)
  ✅ 有色ETF: 1.77 (+1.84%)
  ⚠️ /Users/ninebot/02-sourceCode/gitee/KnowingDoing/review/2026/07/2026-07-29.md 已存在，跳过生成

==================================================
✅ 7 大指数 + 7 重点标的 抓取完成
📝 打开编辑器补充分析
📊 KnowingDoing 市场数据抓取 · 2026-07-30  (腾讯财经)

[指数]
  ✅ 上证指数: 3804.69 (-0.62%)
  ✅ 深证成指: 13285.8 (-2.73%)
  ✅ 创业板指: 3244.62 (-3.97%)
  ✅ 科创50: 1588.41 (-5.38%)
  ✅ 上证50: 2926.48 (+0.39%)
  ✅ 沪深300: 4549.72 (-1.10%)
  ✅ 中证500: 7309.58 (-2.86%)

[重点标的]
  ✅ 科创50ETF: 1.67 (-6.02%)
  ✅ 中证500ETF: 7.34 (-2.71%)
  ✅ 黄金ETF: 8.77 (-0.28%)
  ✅ 科大讯飞: 39.87 (-0.50%)
  ✅ 天山铝业: 13.13 (+0.69%)
  ✅ 紫金矿业: 32.7 (+1.71%)
  ✅ 有色ETF: 1.75 (-1.19%)
  ⚠️ /Users/ninebot/02-sourceCode/gitee/KnowingDoing/review/2026/07/2026-07-30.md 已存在，跳过生成

==================================================
✅ 7 大指数 + 7 重点标的 抓取完成
📝 打开编辑器补充分析
📊 KnowingDoing 市场数据抓取 · 2026-07-31  (腾讯财经)

[指数]
  ✅ 上证指数: 3832.26 (+0.72%)
  ✅ 深证成指: 13578.93 (+2.21%)
  ✅ 创业板指: 3343.96 (+3.06%)
  ✅ 科创50: 1635.96 (+2.99%)
  ✅ 上证50: 2922.97 (-0.12%)
  ✅ 沪深300: 4588.2 (+0.85%)
  ✅ 中证500: 7493.99 (+2.52%)

[重点标的]
  ✅ 科创50ETF: 1.73 (+3.54%)
  ✅ 中证500ETF: 7.5 (+2.24%)
  ✅ 黄金ETF: 8.84 (+0.80%)
  ✅ 科大讯飞: 42.22 (+5.89%)
  ✅ 天山铝业: 13.2 (+0.53%)
  ✅ 紫金矿业: 32.95 (+0.76%)
  ✅ 有色ETF: 1.79 (+2.58%)
  ⚠️ /Users/ninebot/02-sourceCode/gitee/KnowingDoing/review/2026/07/2026-07-31.md 已存在，跳过生成

==================================================
✅ 7 大指数 + 7 重点标的 抓取完成
📝 打开编辑器补充分析
📊 KnowingDoing 市场数据抓取 · 2026-08-03  (腾讯财经)

[指数]
  ✅ 上证指数: 3809.66 (-0.59%)
  ✅ 深证成指: 13448.29 (-0.96%)
  ✅ 创业板指: 3302.55 (-1.24%)
  ✅ 科创50: 1552.89 (-5.08%)
  ✅ 上证50: 2887.05 (-1.23%)
  ✅ 沪深300: 4543.18 (-0.98%)
  ✅ 中证500: 7414.52 (-1.06%)

[重点标的]
  ✅ 科创50ETF: 1.64 (-5.32%)
  ✅ 中证500ETF: 7.42 (-1.07%)
  ✅ 黄金ETF: 8.82 (-0.25%)
  ✅ 科大讯飞: 42.81 (+1.40%)
  ✅ 天山铝业: 12.97 (-1.74%)
  ✅ 紫金矿业: 32.55 (-1.21%)
  ✅ 有色ETF: 1.78 (-0.78%)
  ⚠️ /Users/ninebot/02-sourceCode/gitee/KnowingDoing/review/2026/08/2026-08-03.md 已存在，跳过生成

==================================================
✅ 7 大指数 + 7 重点标的 抓取完成
📝 打开编辑器补充分析
📊 KnowingDoing 市场数据抓取 · 2026-08-04  (腾讯财经)

[指数]
  ✅ 上证指数: 3822.28 (+0.33%)
  ✅ 深证成指: 13885.71 (+3.25%)
  ✅ 创业板指: 3488.97 (+5.64%)
  ✅ 科创50: 1616.36 (+4.09%)
  ✅ 上证50: 2878.67 (-0.29%)
  ✅ 沪深300: 4600.93 (+1.27%)
  ✅ 中证500: 7607.49 (+2.60%)

[重点标的]
  ✅ 科创50ETF: 1.71 (+4.28%)
  ✅ 中证500ETF: 7.6 (+2.44%)
  ✅ 黄金ETF: 8.81 (-0.06%)
  ✅ 科大讯飞: 43.49 (+1.59%)
  ✅ 天山铝业: 13.16 (+1.46%)
  ✅ 紫金矿业: 32.12 (-1.32%)
  ✅ 有色ETF: 1.81 (+1.74%)
  ⚠️ /Users/ninebot/02-sourceCode/gitee/KnowingDoing/review/2026/08/2026-08-04.md 已存在，跳过生成

==================================================
✅ 7 大指数 + 7 重点标的 抓取完成
📝 打开编辑器补充分析
📊 KnowingDoing 市场数据抓取 · 2026-08-05  (腾讯财经)

[指数]
  ✅ 上证指数: 3878.43 (+1.47%)
  ✅ 深证成指: 14144.2 (+1.86%)
  ✅ 创业板指: 3535.14 (+1.32%)
  ✅ 科创50: 1693.67 (+4.78%)
  ✅ 上证50: 2924.06 (+1.58%)
  ✅ 沪深300: 4658.15 (+1.24%)
  ✅ 中证500: 7809.21 (+2.65%)

[重点标的]
  ✅ 科创50ETF: 1.79 (+4.69%)
  ✅ 中证500ETF: 7.82 (+2.82%)
  ✅ 黄金ETF: 9.05 (+2.71%)
  ✅ 科大讯飞: 44.17 (+1.56%)
  ✅ 天山铝业: 13.46 (+2.28%)
  ✅ 紫金矿业: 34.1 (+6.16%)
  ✅ 有色ETF: 1.9 (+5.20%)
  ⚠️ /Users/ninebot/02-sourceCode/gitee/KnowingDoing/review/2026/08/2026-08-05.md 已存在，跳过生成

==================================================
✅ 7 大指数 + 7 重点标的 抓取完成
📝 打开编辑器补充分析
📊 KnowingDoing 市场数据抓取 · 2026-08-06  (腾讯财经)

[指数]
  ✅ 上证指数: 3900.35 (+0.57%)
  ✅ 深证成指: 14110.12 (-0.24%)
  ✅ 创业板指: 3515.56 (-0.55%)
  ✅ 科创50: 1701.29 (+0.45%)
  ✅ 上证50: 2920.13 (-0.13%)
  ✅ 沪深300: 4651.31 (-0.15%)
  ✅ 中证500: 7829.36 (+0.26%)

[重点标的]
  ✅ 科创50ETF: 1.79 (+0.45%)
  ✅ 中证500ETF: 7.83 (+0.22%)
  ✅ 黄金ETF: 9.22 (+1.80%)
  ✅ 科大讯飞: 43.68 (-1.11%)
  ✅ 天山铝业: 13.4 (-0.45%)
  ✅ 紫金矿业: 34.5 (+1.17%)
  ✅ 有色ETF: 1.92 (+0.74%)
  ⚠️ /Users/ninebot/02-sourceCode/gitee/KnowingDoing/review/2026/08/2026-08-06.md 已存在，跳过生成

==================================================
✅ 7 大指数 + 7 重点标的 抓取完成
📝 打开编辑器补充分析
📊 KnowingDoing 市场数据抓取 · 2026-08-07  (腾讯财经)

[指数]
  ✅ 上证指数: 3940.04 (+1.02%)
  ✅ 深证成指: 14311.01 (+1.42%)
  ✅ 创业板指: 3563.12 (+1.35%)
  ✅ 科创50: 1744.02 (+2.51%)
  ✅ 上证50: 2960.42 (+1.38%)
  ✅ 沪深300: 4694.44 (+0.93%)
  ✅ 中证500: 7980.12 (+1.93%)

[重点标的]
  ✅ 科创50ETF: 1.84 (+2.56%)
  ✅ 中证500ETF: 7.99 (+1.98%)
  ✅ 黄金ETF: 9.32 (+1.07%)
  ✅ 科大讯飞: 43.53 (-0.34%)
  ✅ 天山铝业: 13.55 (+1.12%)
  ✅ 紫金矿业: 35.15 (+1.88%)
  ✅ 有色ETF: 1.99 (+3.55%)
  ⚠️ /Users/ninebot/02-sourceCode/gitee/KnowingDoing/review/2026/08/2026-08-07.md 已存在，跳过生成

==================================================
✅ 7 大指数 + 7 重点标的 抓取完成
📝 打开编辑器补充分析
📊 KnowingDoing 市场数据抓取 · 2026-08-10  (腾讯财经)

[指数]
  ✅ 上证指数: 3966.59 (+0.67%)
  ✅ 深证成指: 14316.96 (+0.04%)
  ✅ 创业板指: 3537.21 (-0.73%)
  ✅ 科创50: 1737.77 (-0.36%)
  ✅ 上证50: 2967.73 (+0.25%)
  ✅ 沪深300: 4702.02 (+0.16%)
  ✅ 中证500: 8030.95 (+0.64%)

[重点标的]
  ✅ 科创50ETF: 1.83 (-0.27%)
  ✅ 中证500ETF: 8.04 (+0.63%)
  ✅ 黄金ETF: 9.44 (+1.30%)
  ✅ 科大讯飞: 43.49 (-0.09%)
  ✅ 天山铝业: 13.94 (+2.88%)
  ✅ 紫金矿业: 35.45 (+0.85%)
  ✅ 有色ETF: 2.02 (+1.66%)
  ⚠️ /Users/ninebot/02-sourceCode/gitee/KnowingDoing/review/2026/08/2026-08-10.md 已存在，跳过生成

==================================================
✅ 7 大指数 + 7 重点标的 抓取完成
📝 打开编辑器补充分析
📊 KnowingDoing 市场数据抓取 · 2026-08-11  (腾讯财经)

[指数]
  ✅ 上证指数: 3934.09 (-0.82%)
  ✅ 深证成指: 14259.44 (-0.40%)
  ✅ 创业板指: 3549.16 (+0.34%)
  ✅ 科创50: 1709.5 (-1.63%)
  ✅ 上证50: 2929.93 (-1.27%)
  ✅ 沪深300: 4663.79 (-0.81%)
  ✅ 中证500: 7967.54 (-0.79%)

[重点标的]
  ✅ 科创50ETF: 1.81 (-1.58%)
  ✅ 中证500ETF: 7.99 (-0.60%)
  ✅ 黄金ETF: 9.45 (+0.08%)
  ✅ 科大讯飞: 42.88 (-1.40%)
  ✅ 天山铝业: 13.8 (-1.00%)
  ✅ 紫金矿业: 33.18 (-6.40%)
  ✅ 有色ETF: 1.92 (-4.76%)
  ⚠️ /Users/ninebot/02-sourceCode/gitee/KnowingDoing/review/2026/08/2026-08-11.md 已存在，跳过生成

==================================================
✅ 7 大指数 + 7 重点标的 抓取完成
📝 打开编辑器补充分析
📊 KnowingDoing 市场数据抓取 · 2026-08-12  (腾讯财经)

[指数]
  ✅ 上证指数: 3946.68 (+0.32%)
  ✅ 深证成指: 14414.43 (+1.09%)
  ✅ 创业板指: 3602.08 (+1.49%)
  ✅ 科创50: 1736.99 (+1.61%)
  ✅ 上证50: 2938.39 (+0.29%)
  ✅ 沪深300: 4690.92 (+0.58%)
  ✅ 中证500: 8045.31 (+0.98%)

[重点标的]
  ✅ 科创50ETF: 1.83 (+1.50%)
  ✅ 中证500ETF: 8.05 (+0.80%)
  ✅ 黄金ETF: 9.54 (+1.04%)
  ✅ 科大讯飞: 42.59 (-0.68%)
  ✅ 天山铝业: 14.27 (+3.41%)
  ✅ 紫金矿业: 33.58 (+1.21%)
  ✅ 有色ETF: 1.94 (+0.94%)
  ⚠️ /Users/ninebot/02-sourceCode/gitee/KnowingDoing/review/2026/08/2026-08-12.md 已存在，跳过生成

==================================================
✅ 7 大指数 + 7 重点标的 抓取完成
📝 打开编辑器补充分析
